PLINK v1.90b6.24 64-bit (6 Jun 2021)           www.cog-genomics.org/plink/1.9/
(C) 2005-2021 Shaun Purcell, Christopher Chang   GNU General Public License v3
Logging to chr3.log.
Options in effect:
  --merge-list chr3.mergelist.txt
  --out chr3

15696 MB RAM detected; reserving 7848 MB for main workspace.
Performing single-pass merge (808 people, 1651 variants).
                                              Merged fileset written to chr3.bed + chr3.bim + chr3.fam .
PLINK v2.00a3LM 64-bit Intel (20 Sep 2021)     www.cog-genomics.org/plink/2.0/
(C) 2005-2021 Shaun Purcell, Christopher Chang   GNU General Public License v3
Logging to chr3.log.
Options in effect:
  --bfile chr3
  --make-pgen
  --out chr3
  --sort-vars

Start time: Tue Jul 29 10:44:42 2025
15696 MiB RAM detected; reserving 7848 MiB for main workspace.
Using up to 22 threads (change this with --threads).
808 samples (0 females, 0 males, 808 ambiguous; 808 founders) loaded from
chr3.fam.
1651 variants loaded from chr3.bim.
Note: No phenotype data present.
Writing chr3.pvar ... 0%done.
Writing chr3.psam ... done.
Writing chr3.pgen ... 0%done.
End time: Tue Jul 29 10:44:42 2025
