Executing: plink2 --pfile allchr_SURV_CPH_p2in --mind 0.05 --make-pgen --out allchr_SURV_CPH_p2in_callrate
Executing: plink2 --pfile allchr_SURV_CPH_p2in_callrate --geno 0.01 --maf 0.05 --indep-pairwise 50 5 0.5 --out allchr_SURV_CPH_p2in_callrate_het_tmp
Executing: plink2 --pfile allchr_SURV_CPH_p2in_callrate --extract allchr_SURV_CPH_p2in_callrate_het_tmp.prune.in --make-pgen --out allchr_SURV_CPH_p2in_callrate_het_tmp2
Executing: plink2 --pfile allchr_SURV_CPH_p2in_callrate_het_tmp2 --het --out allchr_SURV_CPH_p2in_callrate_het_tmp3
Executing: plink2 --pfile allchr_SURV_CPH_p2in_callrate --remove allchr_SURV_CPH_p2in_callrate_het.outliers --make-pgen --out allchr_SURV_CPH_p2in_callrate_het
Executing: plink2 --pfile allchr_SURV_CPH_p2in_callrate_het --make-bed --out allchr_SURV_CPH_p2in_callrate_het
Executing: plink --bfile allchr_SURV_CPH_p2in_callrate_het --extract 1kg_variants_extract.csv --make-bed --out allchr_SURV_CPH_p2in_callrate_het_1kgoverlap
Executing: plink --bfile allchr_SURV_CPH_p2in_callrate_het_1kgoverlap --allow-no-sex --bmerge /srv/GWAS-Pipeline/References/ref_panel/1kg_ashkj_ref_panel_gp2_pruned_hg38_newids --make-bed --out allchr_SURV_CPH_p2in_callrate_het_ancestry
Executing: plink --bfile allchr_SURV_CPH_p2in_callrate_het_ancestry --geno 0.01 --maf 0.05 --indep-pairwise 50 5 0.5 --out allchr_SURV_CPH_p2in_callrate_het_ancestry_tmp
Executing: plink --bfile allchr_SURV_CPH_p2in_callrate_het_ancestry --extract allchr_SURV_CPH_p2in_callrate_het_ancestry_tmp.prune.in --make-bed --out allchr_SURV_CPH_p2in_callrate_het_ancestry_tmp2
Executing: plink --bfile allchr_SURV_CPH_p2in_callrate_het_ancestry_tmp2 --pca 10 --make-bed --out allchr_SURV_CPH_p2in_callrate_het_ancestry.pca
Executing: plink --bfile allchr_SURV_CPH_p2in_callrate_het --keep allchr_SURV_CPH_p2in_callrate_het_ancestry.keep --make-bed --out allchr_SURV_CPH_p2in_callrate_het_ancestry
Executing: plink2 --bfile allchr_SURV_CPH_p2in_callrate_het_ancestry --make-pgen --out allchr_SURV_CPH_p2in_callrate_het_ancestry
Executing: plink2 --pfile allchr_SURV_CPH_p2in_callrate_het_ancestry --hwe 0.0001 --mac 2 --make-pgen --out allchr_SURV_CPH_p2in_callrate_het_ancestry_king_tmp
Executing: plink2 --pfile allchr_SURV_CPH_p2in_callrate_het_ancestry_king_tmp --king-cutoff 0.0884 --out allchr_SURV_CPH_p2in_callrate_het_ancestry_king
Executing: plink2 --pfile allchr_SURV_CPH_p2in_callrate_het_ancestry_king_tmp --remove allchr_SURV_CPH_p2in_callrate_het_ancestry_king.king.cutoff.out.id --make-pgen --out allchr_SURV_CPH_p2in_callrate_het_ancestry_king
Executing: plink2 --pfile allchr_SURV_CPH_p2in_callrate_het_ancestry_king --pca --out allchr_SURV_CPH_p2in_callrate_het_ancestry_king_pca
Executing: plink2 --pfile allchr_SURV_CPH_p2in_callrate_het_ancestry_king --make-king-table --out allchr_SURV_CPH_p2in_callrate_het_ancestry_king_table
/home/oiher/longGWAS/longitudinal-GWAS-pipeline/bin/addi_qc_pipeline.py:107: PerformanceWarning:


your performance may suffer as PyTables will pickle object types that it cannot
map directly to c-types [inferred_type->mixed-integer,key->block0_values] [items->Index(['FID', 'IID'], dtype='object')]


