PLINK v1.90b6.24 64-bit (6 Jun 2021)           www.cog-genomics.org/plink/1.9/
(C) 2005-2021 Shaun Purcell, Christopher Chang   GNU General Public License v3
Logging to chr6.log.
Options in effect:
  --merge-list chr6.mergelist.txt
  --out chr6

15696 MB RAM detected; reserving 7848 MB for main workspace.
Performing single-pass merge (808 people, 1459 variants).
                                              Merged fileset written to chr6.bed + chr6.bim + chr6.fam .
PLINK v2.00a3LM 64-bit Intel (20 Sep 2021)     www.cog-genomics.org/plink/2.0/
(C) 2005-2021 Shaun Purcell, Christopher Chang   GNU General Public License v3
Logging to chr6.log.
Options in effect:
  --bfile chr6
  --make-pgen
  --out chr6
  --sort-vars

Start time: Thu Jul 31 12:51:59 2025
15696 MiB RAM detected; reserving 7848 MiB for main workspace.
Using up to 22 threads (change this with --threads).
808 samples (0 females, 0 males, 808 ambiguous; 808 founders) loaded from
chr6.fam.
1459 variants loaded from chr6.bim.
Note: No phenotype data present.
Writing chr6.pvar ... 0%done.
Writing chr6.psam ... done.
Writing chr6.pgen ... 0%done.
End time: Thu Jul 31 12:51:59 2025
