Unable to find image 'amcalejandro/longgwas:v2' locally
v2: Pulling from amcalejandro/longgwas
7c457f213c76: Already exists
28bded67ef77: Pulling fs layer
d5401bb24a9f: Pulling fs layer
0f6df11ab08c: Pulling fs layer
c7c0937e71b3: Pulling fs layer
174a24b2044c: Pulling fs layer
8d5d3880a8ba: Pulling fs layer
2463f4a16c11: Pulling fs layer
a9bf9ee5f196: Pulling fs layer
fd355fa0671f: Pulling fs layer
35247a388107: Pulling fs layer
620a31845598: Pulling fs layer
36408d7171db: Pulling fs layer
3d6ef4ed5c93: Pulling fs layer
a34275e1cf99: Pulling fs layer
6bbd5a56cfd1: Pulling fs layer
b6e5f4aee62e: Pulling fs layer
0dba4f7ed113: Pulling fs layer
2eb0317d0899: Pulling fs layer
a5c104124703: Pulling fs layer
2400ae49aae9: Pulling fs layer
3a6eb8c7ca3a: Pulling fs layer
2f3f3c3c9fb7: Pulling fs layer
c7c0937e71b3: Waiting
174a24b2044c: Waiting
8d5d3880a8ba: Waiting
2463f4a16c11: Waiting
fd355fa0671f: Waiting
35247a388107: Waiting
a9bf9ee5f196: Waiting
36408d7171db: Waiting
620a31845598: Waiting
3d6ef4ed5c93: Waiting
a34275e1cf99: Waiting
6bbd5a56cfd1: Waiting
b6e5f4aee62e: Waiting
0dba4f7ed113: Waiting
a5c104124703: Waiting
2eb0317d0899: Waiting
3a6eb8c7ca3a: Waiting
2f3f3c3c9fb7: Waiting
2400ae49aae9: Waiting
0f6df11ab08c: Verifying Checksum
0f6df11ab08c: Download complete
28bded67ef77: Verifying Checksum
28bded67ef77: Download complete
28bded67ef77: Pull complete
d5401bb24a9f: Verifying Checksum
d5401bb24a9f: Download complete
c7c0937e71b3: Verifying Checksum
c7c0937e71b3: Download complete
d5401bb24a9f: Pull complete
0f6df11ab08c: Pull complete
c7c0937e71b3: Pull complete
174a24b2044c: Verifying Checksum
174a24b2044c: Download complete
174a24b2044c: Pull complete
8d5d3880a8ba: Verifying Checksum
8d5d3880a8ba: Download complete
8d5d3880a8ba: Pull complete
2463f4a16c11: Verifying Checksum
2463f4a16c11: Download complete
2463f4a16c11: Pull complete
a9bf9ee5f196: Download complete
a9bf9ee5f196: Pull complete
