PLINK v2.00a3LM 64-bit Intel (20 Sep 2021)     www.cog-genomics.org/plink/2.0/
(C) 2005-2021 Shaun Purcell, Christopher Chang   GNU General Public License v3
Logging to allchr_LONG_LMM_p2in.log.
Options in effect:
  --make-bed
  --memory 12288
  --out allchr_LONG_LMM_p2in
  --pmerge-list tmp_mergefile.txt

Start time: Tue Jul 29 10:59:31 2025
15696 MiB RAM detected; reserving 12288 MiB for main workspace.
Using up to 22 threads (change this with --threads).
--pmerge-list: 3 filesets specified.
--pmerge-list: 808 samples present.
--pmerge-list: Merged .psam written to allchr_LONG_LMM_p2in.psam .
--pmerge-list: 3 .pvar files scanned.
Concatenation job detected.
Concatenating... 0/5445 variants complete.Concatenating... 5445/5445 variants complete.
Results written to allchr_LONG_LMM_p2in.pgen + allchr_LONG_LMM_p2in.pvar .
808 samples (0 females, 0 males, 808 ambiguous; 808 founders) loaded from
allchr_LONG_LMM_p2in.psam.
5445 variants loaded from allchr_LONG_LMM_p2in.pvar.
Note: No phenotype data present.
Writing allchr_LONG_LMM_p2in.fam ... done.
Writing allchr_LONG_LMM_p2in.bim ... done.
Writing allchr_LONG_LMM_p2in.bed ... 0%done.
End time: Tue Jul 29 10:59:31 2025
