Namespace(covname='SEX age_at_baseline', phenname='y', pheno_covar='/home/oiher/longGWAS/longitudinal-GWAS-pipeline/work/ea/f6b30626a772ef5865aed61303288b/EUR_intermediate_analyzed.tsv')
covar and pheno files successfully generated
PLINK v2.00a3LM 64-bit Intel (20 Sep 2021)     www.cog-genomics.org/plink/2.0/
(C) 2005-2021 Shaun Purcell, Christopher Chang   GNU General Public License v3
Logging to EUR_intermediate_chr1.null.log.
Options in effect:
  --covar covar.tsv
  --covar-name SEX,age_at_baseline
  --covar-variance-standardize
  --glm hide-covar omit-ref cols=+beta,+a1freq
  --hwe 1e-6
  --keep pheno.tsv
  --mac 20
  --memory 12288
  --out EUR_intermediate_chr1.null
  --output-chr chrM
  --pfile chr1
  --pheno pheno.tsv
  --pheno-name y
  --threads 4

Start time: Thu Jul 31 11:46:17 2025
15696 MiB RAM detected; reserving 12288 MiB for main workspace.
Using up to 4 compute threads.
808 samples (0 females, 0 males, 808 ambiguous; 808 founders) loaded from
chr1.psam.
1988 variants loaded from chr1.pvar.
1 quantitative phenotype loaded (256 values).
--keep: 256 samples remaining.
2 covariates loaded from covar.tsv.
256 samples (0 females, 0 males, 256 ambiguous; 256 founders) remaining after
main filters.
256 quantitative phenotype values remaining after main filters.
--covar-variance-standardize: 2 covariates transformed.
Calculating allele frequencies... 0%done.
--hwe: 0 variants removed due to Hardy-Weinberg exact test (founders only).
70 variants removed due to allele frequency threshold(s)
(--maf/--max-maf/--mac/--max-mac).
1918 variants remaining after main filters.
--glm linear regression on phenotype 'y': 0%done.
Results written to EUR_intermediate_chr1.null.y.glm.linear .
End time: Thu Jul 31 11:46:17 2025
